12:55:49 **** Incremental Build of configuration Debug for project Delay_Timer ****
make -j20 all 
arm-none-eabi-gcc "../Core/Src/main.c" -mcpu=cortex-m4 -std=gnu11 -g3 -DDEBUG -DUSE_HAL_DRIVER -DSTM32F429xx -c -I../Core/Inc -I../Drivers/STM32F4xx_HAL_Driver/Inc -I../Drivers/STM32F4xx_HAL_Driver/Inc/Legacy -I../Drivers/CMSIS/Device/ST/STM32F4xx/Include -I../Drivers/CMSIS/Include -O0 -ffunction-sections -fdata-sections -Wall -fstack-usage -fcyclomatic-complexity -MMD -MP -MF"Core/Src/main.d" -MT"Core/Src/main.o" --specs=nano.specs -mfpu=fpv4-sp-d16 -mfloat-abi=hard -mthumb -o "Core/Src/main.o"
arm-none-eabi-gcc -o "Delay_Timer.elf" @"objects.list"   -mcpu=cortex-m4 -T"C:\Users\cp199\OneDrive\Documentos\STM32Projects\STM32F_ExampleCodes_HAL\Delay_Timer\STM32F429ZITX_FLASH.ld" --specs=nosys.specs -Wl,-Map="Delay_Timer.map" -Wl,--gc-sections -static --specs=nano.specs -mfpu=fpv4-sp-d16 -mfloat-abi=hard -mthumb -Wl,--start-group -lc -lm -Wl,--end-group
Finished building target: Delay_Timer.elf
 
arm-none-eabi-size  Delay_Timer.elf 
arm-none-eabi-objdump -h -S Delay_Timer.elf  > "Delay_Timer.list"
   text	   data	    bss	    dec	    hex	filename
   8212	     12	   1644	   9868	   268c	Delay_Timer.elf
Finished building: default.size.stdout
 
Finished building: Delay_Timer.list
 

12:55:50 Build Finished. 0 errors, 0 warnings. (took 1s.265ms)

